Archive member included to satisfy reference by file (symbol)

d:/stm32toolchain/gcc-arm/bin/../lib/gcc/arm-none-eabi/7.2.1/../../../../arm-none-eabi/lib/thumb/v7e-m\libg_nano.a(lib_a-errno.o)
                              ./system/src/newlib/_sbrk.o (__errno)
d:/stm32toolchain/gcc-arm/bin/../lib/gcc/arm-none-eabi/7.2.1/../../../../arm-none-eabi/lib/thumb/v7e-m\libg_nano.a(lib_a-impure.o)
                              d:/stm32toolchain/gcc-arm/bin/../lib/gcc/arm-none-eabi/7.2.1/../../../../arm-none-eabi/lib/thumb/v7e-m\libg_nano.a(lib_a-errno.o) (_impure_ptr)
d:/stm32toolchain/gcc-arm/bin/../lib/gcc/arm-none-eabi/7.2.1/../../../../arm-none-eabi/lib/thumb/v7e-m\libg_nano.a(lib_a-strlen.o)
                              ./src/main.o (strlen)

Allocating common symbols
Common symbol       size              file

errno               0x4               ./system/src/newlib/_syscalls.o
huart3              0x40              ./src/main.o
uwTick              0x4               ./system/src/stm32f4-hal/stm32f4xx_hal.o
pFlash              0x20              ./system/src/stm32f4-hal/stm32f4xx_hal_flash.o
GPIO_InitStruct     0x14              ./src/main.o

Discarded input sections

 .group         0x00000000        0xc ./system/src/stm32f4-hal/stm32f4xx_hal.o
 .group         0x00000000        0xc ./system/src/stm32f4-hal/stm32f4xx_hal.o
 .group         0x00000000        0xc ./system/src/stm32f4-hal/stm32f4xx_hal.o
 .group         0x00000000        0xc ./system/src/stm32f4-hal/stm32f4xx_hal.o
 .group         0x00000000        0xc ./system/src/stm32f4-hal/stm32f4xx_hal.o
 .group         0x00000000        0xc ./system/src/stm32f4-hal/stm32f4xx_hal.o
 .group         0x00000000        0xc ./system/src/stm32f4-hal/stm32f4xx_hal.o
 .group         0x00000000        0xc ./system/src/stm32f4-hal/stm32f4xx_hal.o
 .group         0x00000000        0xc ./system/src/stm32f4-hal/stm32f4xx_hal.o
 .group         0x00000000        0xc ./system/src/stm32f4-hal/stm32f4xx_hal.o
 .group         0x00000000        0xc ./system/src/stm32f4-hal/stm32f4xx_hal.o
 .group         0x00000000        0xc ./system/src/stm32f4-hal/stm32f4xx_hal.o
 .group         0x00000000        0xc ./system/src/stm32f4-hal/stm32f4xx_hal.o
 .group         0x00000000        0xc ./system/src/stm32f4-hal/stm32f4xx_hal.o
 .group         0x00000000        0xc ./system/src/stm32f4-hal/stm32f4xx_hal.o
 .group         0x00000000        0xc ./system/src/stm32f4-hal/stm32f4xx_hal.o
 .group         0x00000000        0xc ./system/src/stm32f4-hal/stm32f4xx_hal.o
 .group         0x00000000        0xc ./system/src/stm32f4-hal/stm32f4xx_hal.o
 .group         0x00000000        0xc ./system/src/stm32f4-hal/stm32f4xx_hal.o
 .group         0x00000000        0xc ./system/src/stm32f4-hal/stm32f4xx_hal.o
 .group         0x00000000        0xc ./system/src/stm32f4-hal/stm32f4xx_hal.o
 .group         0x00000000        0xc ./system/src/stm32f4-hal/stm32f4xx_hal.o
 .group         0x00000000        0xc ./system/src/stm32f4-hal/stm32f4xx_hal.o
 .group         0x00000000        0xc ./system/src/stm32f4-hal/stm32f4xx_hal.o
 .group         0x00000000        0xc ./system/src/stm32f4-hal/stm32f4xx_hal.o
 .group         0x00000000        0xc ./system/src/stm32f4-hal/stm32f4xx_hal.o
 .group         0x00000000        0xc ./system/src/stm32f4-hal/stm32f4xx_hal.o
 .group         0x00000000        0xc ./system/src/stm32f4-hal/stm32f4xx_hal.o
 .group         0x00000000        0xc ./system/src/stm32f4-hal/stm32f4xx_hal.o
 .group         0x00000000        0xc ./system/src/stm32f4-hal/stm32f4xx_hal.o
 .group         0x00000000        0xc ./system/src/stm32f4-hal/stm32f4xx_hal.o
 .group         0x00000000        0xc ./system/src/stm32f4-hal/stm32f4xx_hal.o
 .group         0x00000000        0xc ./system/src/stm32f4-hal/stm32f4xx_hal.o
 .group         0x00000000        0xc ./system/src/stm32f4-hal/stm32f4xx_hal.o
 .group         0x00000000        0xc ./system/src/stm32f4-hal/stm32f4xx_hal.o
 .group         0x00000000        0xc ./system/src/stm32f4-hal/stm32f4xx_hal.o
 .group         0x00000000        0xc ./system/src/stm32f4-hal/stm32f4xx_hal.o
 .group         0x00000000        0xc ./system/src/stm32f4-hal/stm32f4xx_hal.o
 .group         0x00000000        0xc ./system/src/stm32f4-hal/stm32f4xx_hal.o
 .group         0x00000000        0xc ./system/src/stm32f4-hal/stm32f4xx_hal.o
 .group         0x00000000        0xc ./system/src/stm32f4-hal/stm32f4xx_hal.o
 .group         0x00000000        0xc ./system/src/stm32f4-hal/stm32f4xx_hal.o
 .group         0x00000000        0xc ./system/src/stm32f4-hal/stm32f4xx_hal.o
 .group         0x00000000        0xc ./system/src/stm32f4-hal/stm32f4xx_hal.o
 .group         0x00000000        0xc ./system/src/stm32f4-hal/stm32f4xx_hal.o
 .group         0x00000000        0xc ./system/src/stm32f4-hal/stm32f4xx_hal.o
 .group         0x00000000        0xc ./system/src/stm32f4-hal/stm32f4xx_hal.o
 .group         0x00000000        0xc ./system/src/stm32f4-hal/stm32f4xx_hal.o
[...]
Memory Configuration

Name             Origin             Length             Attributes
RAM              0x20000000         0x00040000         xrw
CCMRAM           0x10000000         0x00000000         xrw
FLASH            0x08000000         0x00100000         xr
FLASHB1          0x00000000         0x00000000         xr
EXTMEMB0         0x00000000         0x00000000         xr
EXTMEMB1         0x00000000         0x00000000         xr
EXTMEMB2         0x00000000         0x00000000         xr
EXTMEMB3         0x00000000         0x00000000         xr
MEMORY_ARRAY     0x20002000         0x00000020         xrw
*default*        0x00000000         0xffffffff

Linker script and memory map

LOAD ./system/src/stm32f4-hal/stm32f4xx_hal.o
LOAD ./system/src/stm32f4-hal/stm32f4xx_hal_cortex.o
LOAD ./system/src/stm32f4-hal/stm32f4xx_hal_dfsdm.o
LOAD ./system/src/stm32f4-hal/stm32f4xx_hal_flash.o
LOAD ./system/src/stm32f4-hal/stm32f4xx_hal_gpio.o
LOAD ./system/src/stm32f4-hal/stm32f4xx_hal_iwdg.o
LOAD ./system/src/stm32f4-hal/stm32f4xx_hal_pwr.o
LOAD ./system/src/stm32f4-hal/stm32f4xx_hal_rcc.o
LOAD ./system/src/stm32f4-hal/stm32f4xx_hal_uart.o
LOAD ./system/src/stm32f4-hal/stm32f4xx_hal_usart.o
LOAD ./system/src/newlib/_cxx.o
LOAD ./system/src/newlib/_exit.o
LOAD ./system/src/newlib/_sbrk.o
LOAD ./system/src/newlib/_startup.o
LOAD ./system/src/newlib/_syscalls.o
LOAD ./system/src/newlib/assert.o
LOAD ./system/src/diag/Trace.o
LOAD ./system/src/diag/trace_impl.o
LOAD ./system/src/cortexm/_initialize_hardware.o
LOAD ./system/src/cortexm/_reset_hardware.o
LOAD ./system/src/cortexm/exception_handlers.o
LOAD ./system/src/cmsis/system_stm32f4xx.o
LOAD ./system/src/cmsis/vectors_stm32f412zx.o
LOAD ./src/_initialize_hardware.o
LOAD ./src/_write.o
LOAD ./src/main.o
LOAD ./src/stm32f4xx_hal_msp.o
LOAD d:/stm32toolchain/gcc-arm/bin/../lib/gcc/arm-none-eabi/7.2.1/../../../../arm-none-eabi/lib/thumb/v7e-m\libstdc++_nano.a
LOAD d:/stm32toolchain/gcc-arm/bin/../lib/gcc/arm-none-eabi/7.2.1/../../../../arm-none-eabi/lib/thumb/v7e-m\libm.a
START GROUP
LOAD d:/stm32toolchain/gcc-arm/bin/../lib/gcc/arm-none-eabi/7.2.1/thumb/v7e-m\libgcc.a
LOAD d:/stm32toolchain/gcc-arm/bin/../lib/gcc/arm-none-eabi/7.2.1/../../../../arm-none-eabi/lib/thumb/v7e-m\libg_nano.a
LOAD d:/stm32toolchain/gcc-arm/bin/../lib/gcc/arm-none-eabi/7.2.1/../../../../arm-none-eabi/lib/thumb/v7e-m\libc_nano.a
END GROUP
START GROUP
LOAD d:/stm32toolchain/gcc-arm/bin/../lib/gcc/arm-none-eabi/7.2.1/thumb/v7e-m\libgcc.a
LOAD d:/stm32toolchain/gcc-arm/bin/../lib/gcc/arm-none-eabi/7.2.1/../../../../arm-none-eabi/lib/thumb/v7e-m\libc_nano.a
END GROUP
                0x20040000                __stack = (ORIGIN (RAM) + LENGTH (RAM))
                0x20040000                _estack = __stack
                0x00000400                __Main_Stack_Size = 0x400
                [!provide]                PROVIDE (_Main_Stack_Size, __Main_Stack_Size)
                0x2003fc00                __Main_Stack_Limit = (__stack - __Main_Stack_Size)
                [!provide]                PROVIDE (_Main_Stack_Limit, __Main_Stack_Limit)
                0x00000100                _Minimum_Stack_Size = 0x100
                0x20000078                PROVIDE (_Heap_Begin, _end_noinit)
                0x2003fc00                PROVIDE (_Heap_Limit, (__stack - __Main_Stack_Size))

.isr_vector     0x08000000      0x368
 FILL mask 0xff
                0x08000000                __vectors_start = ABSOLUTE (.)
                0x08000000                __vectors_start__ = ABSOLUTE (.)
 *(.isr_vector)
 .isr_vector    0x08000000      0x1c4 ./system/src/cmsis/vectors_stm32f412zx.o
                0x08000000                __isr_vectors
 *(.cfmconfig)
 *(.after_vectors .after_vectors.*)
 .after_vectors
                0x080001c4      0x130 ./system/src/newlib/_startup.o
                0x080001c4                _start
 .after_vectors
                0x080002f4       0x70 ./system/src/cortexm/exception_handlers.o
                0x080002f4                Reset_Handler
                0x080002fa                NMI_Handler
                0x080002fe                HardFault_Handler
                0x08000312                HardFault_Handler_C
                0x08000316                MemManage_Handler
                0x0800031a                BusFault_Handler
                0x0800032e                BusFault_Handler_C
                0x08000332                UsageFault_Handler
                0x08000346                UsageFault_Handler_C
                0x0800034a                SVC_Handler
                0x0800034e                DebugMon_Handler
                0x08000352                PendSV_Handler
                0x08000356                SysTick_Handler
 .after_vectors
                0x08000364        0x4 ./system/src/cmsis/vectors_stm32f412zx.o
                0x08000364                RTC_Alarm_IRQHandler
                0x08000364                EXTI2_IRQHandler
                0x08000364                TIM8_CC_IRQHandler
                0x08000364                FMPI2C1_EV_IRQHandler
                0x08000364                SPI4_IRQHandler
                0x08000364                TIM1_CC_IRQHandler
                0x08000364                DMA2_Stream5_IRQHandler
                0x08000364                DMA1_Stream5_IRQHandler
                0x08000364                TIM6_IRQHandler
                0x08000364                PVD_IRQHandler
                0x08000364                SDIO_IRQHandler
                0x08000364                TAMP_STAMP_IRQHandler
                0x08000364                CAN2_RX1_IRQHandler
                0x08000364                EXTI3_IRQHandler
                0x08000364                TIM8_TRG_COM_TIM14_IRQHandler
                0x08000364                DFSDM1_FLT1_IRQHandler
                0x08000364                TIM1_UP_TIM10_IRQHandler
                0x08000364                TIM8_UP_TIM13_IRQHandler
                0x08000364                I2C3_ER_IRQHandler
                0x08000364                EXTI0_IRQHandler
                0x08000364                I2C2_EV_IRQHandler
                0x08000364                DMA1_Stream2_IRQHandler
                0x08000364                CAN1_RX0_IRQHandler
                0x08000364                FPU_IRQHandler
                0x08000364                CAN2_SCE_IRQHandler
                0x08000364                DMA2_Stream2_IRQHandler
                0x08000364                SPI1_IRQHandler
                0x08000364                TIM1_BRK_TIM9_IRQHandler
                0x08000364                CAN2_RX0_IRQHandler
                0x08000364                DMA2_Stream3_IRQHandler
                0x08000364                USART6_IRQHandler
                0x08000364                USART3_IRQHandler
                0x08000364                CAN1_RX1_IRQHandler
                0x08000364                DMA2_Stream0_IRQHandler
                0x08000364                TIM4_IRQHandler
                0x08000364                QUADSPI_IRQHandler
                0x08000364                I2C1_EV_IRQHandler
                0x08000364                DMA1_Stream6_IRQHandler
                0x08000364                DMA1_Stream1_IRQHandler
                0x08000364                TIM3_IRQHandler
                0x08000364                RCC_IRQHandler
                0x08000364                TIM8_BRK_TIM12_IRQHandler
                0x08000364                Default_Handler
                0x08000364                EXTI15_10_IRQHandler
                0x08000364                ADC_IRQHandler
                0x08000364                DMA1_Stream7_IRQHandler
                0x08000364                SPI5_IRQHandler
                0x08000364                TIM7_IRQHandler
                0x08000364                CAN2_TX_IRQHandler
                0x08000364                TIM5_IRQHandler
                0x08000364                DMA2_Stream7_IRQHandler
                0x08000364                I2C3_EV_IRQHandler
                0x08000364                EXTI9_5_IRQHandler
                0x08000364                RTC_WKUP_IRQHandler
                0x08000364                SPI2_IRQHandler
                0x08000364                DMA1_Stream0_IRQHandler
                0x08000364                CAN1_TX_IRQHandler
                0x08000364                FMPI2C1_ER_IRQHandler
                0x08000364                EXTI4_IRQHandler
                0x08000364                RNG_IRQHandler
                0x08000364                WWDG_IRQHandler
                0x08000364                TIM2_IRQHandler
                0x08000364                OTG_FS_WKUP_IRQHandler
                0x08000364                TIM1_TRG_COM_TIM11_IRQHandler
                0x08000364                EXTI1_IRQHandler
                0x08000364                USART2_IRQHandler
                0x08000364                DFSDM1_FLT0_IRQHandler
                0x08000364                I2C2_ER_IRQHandler
                0x08000364                DMA2_Stream1_IRQHandler
                0x08000364                CAN1_SCE_IRQHandler
                0x08000364                FLASH_IRQHandler
                0x08000364                DMA2_Stream4_IRQHandler
                0x08000364                USART1_IRQHandler
                0x08000364                OTG_FS_IRQHandler
                0x08000364                SPI3_IRQHandler
                0x08000364                DMA1_Stream4_IRQHandler
                0x08000364                I2C1_ER_IRQHandler
                0x08000364                DMA2_Stream6_IRQHandler
                0x08000364                DMA1_Stream3_IRQHandler

.inits          0x08000368       0x28
                0x08000368                __data_regions_array_start = .
                0x08000368        0x4 LONG 0x8001aec LOADADDR (.data)
                0x0800036c        0x4 LONG 0x20000000 ADDR (.data)
                0x08000370        0x4 LONG 0x20000014 (ADDR (.data) + SIZEOF (.data))
                0x08000374        0x4 LONG 0x8001aec LOADADDR (.data_CCMRAM)
                0x08000378        0x4 LONG 0x10000000 ADDR (.data_CCMRAM)
                0x0800037c        0x4 LONG 0x10000000 (ADDR (.data_CCMRAM) + SIZEOF (.data_CCMRAM))
                0x08000380                __data_regions_array_end = .
                0x08000380                __bss_regions_array_start = .
                0x08000380        0x4 LONG 0x20000014 ADDR (.bss)
                0x08000384        0x4 LONG 0x20000078 (ADDR (.bss) + SIZEOF (.bss))
                0x08000388        0x4 LONG 0x10000000 ADDR (.bss_CCMRAM)
                0x0800038c        0x4 LONG 0x10000000 (ADDR (.bss_CCMRAM) + SIZEOF (.bss_CCMRAM))
                0x08000390                __bss_regions_array_end = .
 *(.init)
 *(.fini)
                0x08000390                . = ALIGN (0x4)
                0x08000390                PROVIDE (__preinit_array_start, .)
 *(.preinit_array_sysinit .preinit_array_sysinit.*)
 *(.preinit_array_platform .preinit_array_platform.*)
 *(.preinit_array .preinit_array.*)
                0x08000390                PROVIDE (__preinit_array_end, .)
                0x08000390                . = ALIGN (0x4)
                0x08000390                PROVIDE (__init_array_start, .)
 *(SORT_BY_NAME(.init_array.*))
 *(.init_array)
                0x08000390                PROVIDE (__init_array_end, .)
                0x08000390                . = ALIGN (0x4)
                0x08000390                PROVIDE (__fini_array_start, .)
 *(SORT_BY_NAME(.fini_array.*))
 *(.fini_array)
                0x08000390                PROVIDE (__fini_array_end, .)

.flashtext
 *(.flashtext .flashtext.*)

.text           0x08000390     0x175c
 *(.text .text.*)
 .text.HAL_InitTick
                0x08000390       0x2c ./system/src/stm32f4-hal/stm32f4xx_hal.o
                0x08000390                HAL_InitTick
 .text.HAL_Init
                0x080003bc       0x34 ./system/src/stm32f4-hal/stm32f4xx_hal.o
                0x080003bc                HAL_Init
 .text.HAL_GetTick
                0x080003f0        0xc ./system/src/stm32f4-hal/stm32f4xx_hal.o
                0x080003f0                HAL_GetTick
 .text.HAL_NVIC_SetPriorityGrouping
                0x080003fc       0x3c ./system/src/stm32f4-hal/stm32f4xx_hal_cortex.o
                0x080003fc                HAL_NVIC_SetPriorityGrouping
 .text.HAL_NVIC_SetPriority
                0x08000438       0x8c ./system/src/stm32f4-hal/stm32f4xx_hal_cortex.o
                0x08000438                HAL_NVIC_SetPriority
 .text.HAL_SYSTICK_Config
                0x080004c4       0x2c ./system/src/stm32f4-hal/stm32f4xx_hal_cortex.o
                0x080004c4                HAL_SYSTICK_Config
 .text.HAL_SYSTICK_CLKSourceConfig
                0x080004f0       0x3c ./system/src/stm32f4-hal/stm32f4xx_hal_cortex.o
                0x080004f0                HAL_SYSTICK_CLKSourceConfig
 .text.HAL_GPIO_Init
                0x0800052c      0x2b8 ./system/src/stm32f4-hal/stm32f4xx_hal_gpio.o
                0x0800052c                HAL_GPIO_Init
 .text.HAL_GPIO_WritePin
                0x080007e4       0x38 ./system/src/stm32f4-hal/stm32f4xx_hal_gpio.o
                0x080007e4                HAL_GPIO_WritePin
 .text.HAL_RCC_OscConfig
                0x0800081c      0x43c ./system/src/stm32f4-hal/stm32f4xx_hal_rcc.o
                0x0800081c                HAL_RCC_OscConfig
 .text.HAL_RCC_GetSysClockFreq
                0x08000c58       0x94 ./system/src/stm32f4-hal/stm32f4xx_hal_rcc.o
                0x08000c58                HAL_RCC_GetSysClockFreq
 .text.HAL_RCC_ClockConfig
                0x08000cec      0x258 ./system/src/stm32f4-hal/stm32f4xx_hal_rcc.o
                0x08000cec                HAL_RCC_ClockConfig
 .text.HAL_RCC_GetHCLKFreq
                0x08000f44        0xc ./system/src/stm32f4-hal/stm32f4xx_hal_rcc.o
                0x08000f44                HAL_RCC_GetHCLKFreq
 .text.HAL_RCC_GetPCLK1Freq
                0x08000f50       0x2c ./system/src/stm32f4-hal/stm32f4xx_hal_rcc.o
                0x08000f50                HAL_RCC_GetPCLK1Freq
 .text.HAL_RCC_GetPCLK2Freq
                0x08000f7c       0x2c ./system/src/stm32f4-hal/stm32f4xx_hal_rcc.o
                0x08000f7c                HAL_RCC_GetPCLK2Freq
 .text.UART_SetConfig
                0x08000fa8      0x3a0 ./system/src/stm32f4-hal/stm32f4xx_hal_uart.o
 .text.UART_WaitOnFlagUntilTimeout
                0x08001348       0x62 ./system/src/stm32f4-hal/stm32f4xx_hal_uart.o
 *fill*         0x080013aa        0x2 
 .text.HAL_UART_Init
                0x080013ac      0x10c ./system/src/stm32f4-hal/stm32f4xx_hal_uart.o
                0x080013ac                HAL_UART_Init
 .text.HAL_UART_Transmit
                0x080014b8       0xda ./system/src/stm32f4-hal/stm32f4xx_hal_uart.o
                0x080014b8                HAL_UART_Transmit
 .text.HAL_UART_Receive
                0x08001592       0xde ./system/src/stm32f4-hal/stm32f4xx_hal_uart.o
                0x08001592                HAL_UART_Receive
 .text._exit    0x08001670        0x2 ./system/src/newlib/_exit.o
                0x08001670                _exit
 .text.abort    0x08001672        0x8 ./system/src/newlib/_exit.o
                0x08001672                abort
 *fill*         0x0800167a        0x2 
 .text.__initialize_args
                0x0800167c       0x10 ./system/src/newlib/_syscalls.o
                0x0800167c                __initialize_args
 .text.assert_failed
                0x0800168c        0x6 ./system/src/newlib/assert.o
                0x0800168c                assert_failed
 *fill*         0x08001692        0x2 
 .text.__initialize_hardware_early
                0x08001694       0x18 ./system/src/cortexm/_initialize_hardware.o
                0x08001694                __initialize_hardware_early
 .text.SystemInit
                0x080016ac       0x40 ./system/src/cmsis/system_stm32f4xx.o
                0x080016ac                SystemInit
 .text.SystemCoreClockUpdate
                0x080016ec       0xa0 ./system/src/cmsis/system_stm32f4xx.o
                0x080016ec                SystemCoreClockUpdate
 .text.SystemClock_Config
                0x0800178c       0x9c ./src/_initialize_hardware.o
                0x0800178c                SystemClock_Config
 .text.__initialize_hardware
                0x08001828       0x10 ./src/_initialize_hardware.o
                0x08001828                __initialize_hardware
 .text.configure_usart
                0x08001838       0x4c ./src/main.o
                0x08001838                configure_usart
 .text.configure_leds
                0x08001884       0x44 ./src/main.o
                0x08001884                configure_leds
 .text.HAL_UART_MspInit
                0x080018c8       0x4c ./src/main.o
                0x080018c8                HAL_UART_MspInit
 .text.printWelcomeMessage
                0x08001914       0x24 ./src/main.o
                0x08001914                printWelcomeMessage
 .text.receiveChar
                0x08001938       0x20 ./src/main.o
                0x08001938                receiveChar
 .text.main     0x08001958       0x8c ./src/main.o
                0x08001958                main
 .text.HAL_MspInit
                0x080019e4        0x2 ./src/stm32f4xx_hal_msp.o
                0x080019e4                HAL_MspInit
 .text          0x080019e6       0x10 d:/stm32toolchain/gcc-arm/bin/../lib/gcc/arm-none-eabi/7.2.1/../../../../arm-none-eabi/lib/thumb/v7e-m\libg_nano.a(lib_a-strlen.o)
                0x080019e6                strlen
 *(.rodata .rodata.* .constdata .constdata.*)
 *fill*         0x080019f6        0x2 
 .rodata.HAL_NVIC_SetPriorityGrouping.str1.4
                0x080019f8       0x31 ./system/src/stm32f4-hal/stm32f4xx_hal_cortex.o
 *fill*         0x08001a29        0x3 
 .rodata.HAL_GPIO_Init.str1.4
                0x08001a2c       0x2f ./system/src/stm32f4-hal/stm32f4xx_hal_gpio.o
 *fill*         0x08001a5b        0x1 
 .rodata.APBAHBPrescTable
                0x08001a5c       0x10 ./system/src/stm32f4-hal/stm32f4xx_hal_rcc.o
                0x08001a5c                APBAHBPrescTable
 .rodata.HAL_RCC_OscConfig.str1.4
                0x08001a6c       0x2e ./system/src/stm32f4-hal/stm32f4xx_hal_rcc.o
 *fill*         0x08001a9a        0x2 
 .rodata.UART_SetConfig.str1.4
                0x08001a9c       0x2f ./system/src/stm32f4-hal/stm32f4xx_hal_uart.o
 *fill*         0x08001acb        0x1 
 .rodata.AHBPrescTable
                0x08001acc       0x10 ./system/src/cmsis/system_stm32f4xx.o
                0x08001acc                AHBPrescTable
 .rodata.printWelcomeMessage.str1.4
                0x08001adc       0x10 ./src/main.o
                                  0xe (size before relaxing)
 *(vtable)
 *(.eh_frame*)
 *(.glue_7)
 .glue_7        0x08001aec        0x0 linker stubs
 *(.glue_7t)
 .glue_7t       0x08001aec        0x0 linker stubs

.vfp11_veneer   0x08001aec        0x0
 .vfp11_veneer  0x08001aec        0x0 linker stubs

.v4_bx          0x08001aec        0x0
 .v4_bx         0x08001aec        0x0 linker stubs

.iplt           0x08001aec        0x0
 .iplt          0x08001aec        0x0 ./system/src/stm32f4-hal/stm32f4xx_hal.o

.rel.dyn        0x08001aec        0x0
 .rel.iplt      0x08001aec        0x0 ./system/src/stm32f4-hal/stm32f4xx_hal.o

.ARM.extab
 *(.ARM.extab* .gnu.linkonce.armextab.*)
                0x08001aec                . = ALIGN (0x4)
                0x08001aec                __exidx_start = .

.ARM.exidx
 *(.ARM.exidx* .gnu.linkonce.armexidx.*)
                0x08001aec                __exidx_end = .
                0x08001aec                . = ALIGN (0x4)
                0x08001aec                _etext = .
                0x08001aec                __etext = .

.data_CCMRAM    0x10000000        0x0 load address 0x08001aec
 FILL mask 0xff
 *(.data.CCMRAM .data.CCMRAM.*)
                0x10000000                . = ALIGN (0x4)
                0x08001aec                _sidata = LOADADDR (.data)

.data           0x20000000       0x14 load address 0x08001aec
 FILL mask 0xff
                0x20000000                _sdata = .
                0x20000000                __data_start__ = .
 *(.data_begin .data_begin.*)
 .data_begin    0x20000000        0x4 ./system/src/newlib/_startup.o
 *(.data .data.*)
 .data.argv.4310
                0x20000004        0x8 ./system/src/newlib/_syscalls.o
 .data.SystemCoreClock
                0x2000000c        0x4 ./system/src/cmsis/system_stm32f4xx.o
                0x2000000c                SystemCoreClock
 *(.data_end .data_end.*)
 .data_end      0x20000010        0x4 ./system/src/newlib/_startup.o
                0x20000014                . = ALIGN (0x4)
                0x20000014                _edata = .
                0x20000014                __data_end__ = .

.igot.plt       0x20000014        0x0 load address 0x08001b00
 .igot.plt      0x20000014        0x0 ./system/src/stm32f4-hal/stm32f4xx_hal.o

.bss_CCMRAM     0x10000000        0x0
 *(.bss.CCMRAM .bss.CCMRAM.*)

.bss            0x20000014       0x64
                0x20000014                __bss_start__ = .
                0x20000014                _sbss = .
 *(.bss_begin .bss_begin.*)
 .bss_begin     0x20000014        0x4 ./system/src/newlib/_startup.o
 *(.bss .bss.*)
 .bss.name.4309
                0x20000018        0x1 ./system/src/newlib/_syscalls.o
 *(COMMON)
 *fill*         0x20000019        0x3 
 COMMON         0x2000001c        0x4 ./system/src/stm32f4-hal/stm32f4xx_hal.o
                0x2000001c                uwTick
 COMMON         0x20000020       0x54 ./src/main.o
                0x20000020                huart3
                0x20000060                GPIO_InitStruct
 *(.bss_end .bss_end.*)
 .bss_end       0x20000074        0x4 ./system/src/newlib/_startup.o
                0x20000078                . = ALIGN (0x4)
                0x20000078                __bss_end__ = .
                0x20000078                _ebss = .

.noinit_CCMRAM
 *(.noinit.CCMRAM .noinit.CCMRAM.*)

.noinit         0x20000078        0x0
                0x20000078                _noinit = .
 *(.noinit .noinit.*)
                0x20000078                . = ALIGN (0x4)
                0x20000078                _end_noinit = .
                [!provide]                PROVIDE (end, _end_noinit)
                [!provide]                PROVIDE (_end, _end_noinit)
                [!provide]                PROVIDE (__end, _end_noinit)
                [!provide]                PROVIDE (__end__, _end_noinit)

._check_stack   0x20000078      0x100
                0x20000178                . = (. + _Minimum_Stack_Size)
 *fill*         0x20000078      0x100 

.b1text
 *(.b1text)
 *(.b1rodata)
 *(.b1rodata.*)

.eb0text
 *(.eb0text)
 *(.eb0rodata)
 *(.eb0rodata.*)

.eb1text
 *(.eb1text)
 *(.eb1rodata)
 *(.eb1rodata.*)

.eb2text
 *(.eb2text)
 *(.eb2rodata)
 *(.eb2rodata.*)

.eb3text
 *(.eb3text)
 *(.eb3rodata)
 *(.eb3rodata.*)

.stab
 *(.stab)

.stabstr
 *(.stabstr)

.stab.excl
 *(.stab.excl)

.stab.exclstr
 *(.stab.exclstr)

.stab.index
 *(.stab.index)

.stab.indexstr
 *(.stab.indexstr)

.comment        0x00000000       0x7e
 *(.comment)
 .comment       0x00000000       0x7e ./system/src/stm32f4-hal/stm32f4xx_hal.o
                                 0x7f (size before relaxing)
 .comment       0x0000007e       0x7f ./system/src/stm32f4-hal/stm32f4xx_hal_cortex.o
 .comment       0x0000007e       0x7f ./system/src/stm32f4-hal/stm32f4xx_hal_gpio.o
 .comment       0x0000007e       0x7f ./system/src/stm32f4-hal/stm32f4xx_hal_rcc.o
 .comment       0x0000007e       0x7f ./system/src/stm32f4-hal/stm32f4xx_hal_uart.o
 .comment       0x0000007e       0x7f ./system/src/newlib/_exit.o
 .comment       0x0000007e       0x7f ./system/src/newlib/_startup.o
 .comment       0x0000007e       0x7f ./system/src/newlib/_syscalls.o
 .comment       0x0000007e       0x7f ./system/src/newlib/assert.o
 .comment       0x0000007e       0x7f ./system/src/cortexm/_initialize_hardware.o
 .comment       0x0000007e       0x7f ./system/src/cortexm/exception_handlers.o
 .comment       0x0000007e       0x7f ./system/src/cmsis/system_stm32f4xx.o
 .comment       0x0000007e       0x7f ./system/src/cmsis/vectors_stm32f412zx.o
 .comment       0x0000007e       0x7f ./src/_initialize_hardware.o
 .comment       0x0000007e       0x7f ./src/main.o
 .comment       0x0000007e       0x7f ./src/stm32f4xx_hal_msp.o

.ARM.attributes
                0x00000000       0x31
 .ARM.attributes
                0x00000000       0x33 ./system/src/stm32f4-hal/stm32f4xx_hal.o
 .ARM.attributes
                0x00000033       0x33 ./system/src/stm32f4-hal/stm32f4xx_hal_cortex.o
 .ARM.attributes
                0x00000066       0x33 ./system/src/stm32f4-hal/stm32f4xx_hal_gpio.o
 .ARM.attributes
                0x00000099       0x33 ./system/src/stm32f4-hal/stm32f4xx_hal_rcc.o
 .ARM.attributes
                0x000000cc       0x33 ./system/src/stm32f4-hal/stm32f4xx_hal_uart.o
 .ARM.attributes
                0x000000ff       0x33 ./system/src/newlib/_exit.o
 .ARM.attributes
                0x00000132       0x33 ./system/src/newlib/_startup.o
 .ARM.attributes
                0x00000165       0x33 ./system/src/newlib/_syscalls.o
 .ARM.attributes
                0x00000198       0x33 ./system/src/newlib/assert.o
 .ARM.attributes
                0x000001cb       0x33 ./system/src/cortexm/_initialize_hardware.o
 .ARM.attributes
                0x000001fe       0x33 ./system/src/cortexm/exception_handlers.o
 .ARM.attributes
                0x00000231       0x33 ./system/src/cmsis/system_stm32f4xx.o
 .ARM.attributes
                0x00000264       0x33 ./system/src/cmsis/vectors_stm32f412zx.o
 .ARM.attributes
                0x00000297       0x33 ./src/_initialize_hardware.o
 .ARM.attributes
                0x000002ca       0x33 ./src/main.o
 .ARM.attributes
                0x000002fd       0x33 ./src/stm32f4xx_hal_msp.o
 .ARM.attributes
                0x00000330       0x17 d:/stm32toolchain/gcc-arm/bin/../lib/gcc/arm-none-eabi/7.2.1/../../../../arm-none-eabi/lib/thumb/v7e-m\libg_nano.a(lib_a-strlen.o)

.debug
 *(.debug)

.line
 *(.line)

.debug_srcinfo
 *(.debug_srcinfo)

.debug_sfnames
 *(.debug_sfnames)

.debug_aranges  0x00000000      0x5f8
 *(.debug_aranges)
 .debug_aranges
                0x00000000       0xc0 ./system/src/stm32f4-hal/stm32f4xx_hal.o
 .debug_aranges
                0x000000c0       0x98 ./system/src/stm32f4-hal/stm32f4xx_hal_cortex.o
 .debug_aranges
                0x00000158       0x58 ./system/src/stm32f4-hal/stm32f4xx_hal_gpio.o
 .debug_aranges
                0x000001b0       0x88 ./system/src/stm32f4-hal/stm32f4xx_hal_rcc.o
 .debug_aranges
                0x00000238      0x168 ./system/src/stm32f4-hal/stm32f4xx_hal_uart.o
 .debug_aranges
                0x000003a0       0x28 ./system/src/newlib/_exit.o
 .debug_aranges
                0x000003c8       0x40 ./system/src/newlib/_startup.o
 .debug_aranges
                0x00000408       0x30 ./system/src/newlib/_syscalls.o
 .debug_aranges
                0x00000438       0x28 ./system/src/newlib/assert.o
 .debug_aranges
                0x00000460       0x28 ./system/src/cortexm/_initialize_hardware.o
 .debug_aranges
                0x00000488       0x80 ./system/src/cortexm/exception_handlers.o
 .debug_aranges
                0x00000508       0x28 ./system/src/cmsis/system_stm32f4xx.o
 .debug_aranges
                0x00000530       0x20 ./system/src/cmsis/vectors_stm32f412zx.o
 .debug_aranges
                0x00000550       0x28 ./src/_initialize_hardware.o
 .debug_aranges
                0x00000578       0x48 ./src/main.o
 .debug_aranges
                0x000005c0       0x38 ./src/stm32f4xx_hal_msp.o

.debug_pubnames
 *(.debug_pubnames)

.debug_info     0x00000000     0xe071
 *(.debug_info .gnu.linkonce.wi.*)
 .debug_info    0x00000000     0x1112 ./system/src/stm32f4-hal/stm32f4xx_hal.o
 .debug_info    0x00001112     0x18e7 ./system/src/stm32f4-hal/stm32f4xx_hal_cortex.o
 .debug_info    0x000029f9     0x10dc ./system/src/stm32f4-hal/stm32f4xx_hal_gpio.o
 .debug_info    0x00003ad5     0x1794 ./system/src/stm32f4-hal/stm32f4xx_hal_rcc.o
 .debug_info    0x00005269     0x1e52 ./system/src/stm32f4-hal/stm32f4xx_hal_uart.o
 .debug_info    0x000070bb      0x94a ./system/src/newlib/_exit.o
 .debug_info    0x00007a05      0x4bf ./system/src/newlib/_startup.o
 .debug_info    0x00007ec4      0xa19 ./system/src/newlib/_syscalls.o
 .debug_info    0x000088dd      0x9c8 ./system/src/newlib/assert.o
 .debug_info    0x000092a5      0xade ./system/src/cortexm/_initialize_hardware.o
 .debug_info    0x00009d83      0xb02 ./system/src/cortexm/exception_handlers.o
 .debug_info    0x0000a885      0xd08 ./system/src/cmsis/system_stm32f4xx.o
 .debug_info    0x0000b58d       0xca ./system/src/cmsis/vectors_stm32f412zx.o
 .debug_info    0x0000b657      0xd4b ./src/_initialize_hardware.o
 .debug_info    0x0000c3a2     0x13c0 ./src/main.o
 .debug_info    0x0000d762      0x90f ./src/stm32f4xx_hal_msp.o

.debug_abbrev   0x00000000     0x2634
 *(.debug_abbrev)
 .debug_abbrev  0x00000000      0x32b ./system/src/stm32f4-hal/stm32f4xx_hal.o
 .debug_abbrev  0x0000032b      0x3f1 ./system/src/stm32f4-hal/stm32f4xx_hal_cortex.o
 .debug_abbrev  0x0000071c      0x2de ./system/src/stm32f4-hal/stm32f4xx_hal_gpio.o
 .debug_abbrev  0x000009fa      0x394 ./system/src/stm32f4-hal/stm32f4xx_hal_rcc.o
 .debug_abbrev  0x00000d8e      0x31d ./system/src/stm32f4-hal/stm32f4xx_hal_uart.o
 .debug_abbrev  0x000010ab      0x1f5 ./system/src/newlib/_exit.o
 .debug_abbrev  0x000012a0      0x1cb ./system/src/newlib/_startup.o
 .debug_abbrev  0x0000146b      0x234 ./system/src/newlib/_syscalls.o
 .debug_abbrev  0x0000169f      0x201 ./system/src/newlib/assert.o
 .debug_abbrev  0x000018a0      0x1de ./system/src/cortexm/_initialize_hardware.o
 .debug_abbrev  0x00001a7e      0x23a ./system/src/cortexm/exception_handlers.o
 .debug_abbrev  0x00001cb8      0x216 ./system/src/cmsis/system_stm32f4xx.o
 .debug_abbrev  0x00001ece       0x9d ./system/src/cmsis/vectors_stm32f412zx.o
 .debug_abbrev  0x00001f6b      0x22d ./src/_initialize_hardware.o
 .debug_abbrev  0x00002198      0x2eb ./src/main.o
 .debug_abbrev  0x00002483      0x1b1 ./src/stm32f4xx_hal_msp.o

.debug_line     0x00000000     0x8e7a
 *(.debug_line)
 .debug_line    0x00000000      0xb50 ./system/src/stm32f4-hal/stm32f4xx_hal.o
 .debug_line    0x00000b50      0xc47 ./system/src/stm32f4-hal/stm32f4xx_hal_cortex.o
 .debug_line    0x00001797      0xc1a ./system/src/stm32f4-hal/stm32f4xx_hal_gpio.o
 .debug_line    0x000023b1      0xdd2 ./system/src/stm32f4-hal/stm32f4xx_hal_rcc.o
 .debug_line    0x00003183     0x12ac ./system/src/stm32f4-hal/stm32f4xx_hal_uart.o
 .debug_line    0x0000442f      0x2de ./system/src/newlib/_exit.o
 .debug_line    0x0000470d      0x35b ./system/src/newlib/_startup.o
 .debug_line    0x00004a68      0x38d ./system/src/newlib/_syscalls.o
 .debug_line    0x00004df5      0x307 ./system/src/newlib/assert.o
 .debug_line    0x000050fc      0x9ec ./system/src/cortexm/_initialize_hardware.o
 .debug_line    0x00005ae8      0xad3 ./system/src/cortexm/exception_handlers.o
 .debug_line    0x000065bb      0x9f2 ./system/src/cmsis/system_stm32f4xx.o
 .debug_line    0x00006fad       0xe6 ./system/src/cmsis/vectors_stm32f412zx.o
 .debug_line    0x00007093      0x9e5 ./src/_initialize_hardware.o
 .debug_line    0x00007a78      0xa1c ./src/main.o
 .debug_line    0x00008494      0x9e6 ./src/stm32f4xx_hal_msp.o

.debug_frame    0x00000000      0xd30
 *(.debug_frame)
 .debug_frame   0x00000000      0x188 ./system/src/stm32f4-hal/stm32f4xx_hal.o
 .debug_frame   0x00000188      0x17c ./system/src/stm32f4-hal/stm32f4xx_hal_cortex.o
 .debug_frame   0x00000304       0xfc ./system/src/stm32f4-hal/stm32f4xx_hal_gpio.o
 .debug_frame   0x00000400      0x140 ./system/src/stm32f4-hal/stm32f4xx_hal_rcc.o
 .debug_frame   0x00000540      0x3e8 ./system/src/stm32f4-hal/stm32f4xx_hal_uart.o
 .debug_frame   0x00000928       0x38 ./system/src/newlib/_exit.o
 .debug_frame   0x00000960       0x7c ./system/src/newlib/_startup.o
 .debug_frame   0x000009dc       0x50 ./system/src/newlib/_syscalls.o
 .debug_frame   0x00000a2c       0x40 ./system/src/newlib/assert.o
 .debug_frame   0x00000a6c       0x40 ./system/src/cortexm/_initialize_hardware.o
 .debug_frame   0x00000aac       0xe8 ./system/src/cortexm/exception_handlers.o
 .debug_frame   0x00000b94       0x30 ./system/src/cmsis/system_stm32f4xx.o
 .debug_frame   0x00000bc4       0x20 ./system/src/cmsis/vectors_stm32f412zx.o
 .debug_frame   0x00000be4       0x4c ./src/_initialize_hardware.o
 .debug_frame   0x00000c30       0xb0 ./src/main.o
 .debug_frame   0x00000ce0       0x50 ./src/stm32f4xx_hal_msp.o

.debug_str      0x00000000    0x8fe60
 *(.debug_str)
 .debug_str     0x00000000    0x8c10f ./system/src/stm32f4-hal/stm32f4xx_hal.o
                              0x8c745 (size before relaxing)
 .debug_str     0x0008c10f      0x38c ./system/src/stm32f4-hal/stm32f4xx_hal_cortex.o
                              0x8c59d (size before relaxing)
 .debug_str     0x0008c49b      0x2dd ./system/src/stm32f4-hal/stm32f4xx_hal_gpio.o
                              0x8bffd (size before relaxing)
 .debug_str     0x0008c778      0x398 ./system/src/stm32f4-hal/stm32f4xx_hal_rcc.o
                              0x8c190 (size before relaxing)
 .debug_str     0x0008cb10      0x7e1 ./system/src/stm32f4-hal/stm32f4xx_hal_uart.o
                              0x8c46b (size before relaxing)
 .debug_str     0x0008d2f1     0x10ff ./system/src/newlib/_exit.o
                               0x7ebd (size before relaxing)
 .debug_str     0x0008e3f0      0x2c6 ./system/src/newlib/_startup.o
                               0x6a10 (size before relaxing)
 .debug_str     0x0008e6b6     0x1311 ./system/src/newlib/_syscalls.o
                               0x814a (size before relaxing)
 .debug_str     0x0008f9c7       0xd7 ./system/src/newlib/assert.o
                               0x89c9 (size before relaxing)
 .debug_str     0x0008fa9e       0x77 ./system/src/cortexm/_initialize_hardware.o
                              0x8bc88 (size before relaxing)
 .debug_str     0x0008fb15      0x1db ./system/src/cortexm/exception_handlers.o
                              0x8cd61 (size before relaxing)
 .debug_str     0x0008fcf0       0x46 ./system/src/cmsis/system_stm32f4xx.o
                              0x8bd7b (size before relaxing)
 .debug_str     0x0008fd36       0x59 ./system/src/cmsis/vectors_stm32f412zx.o
                               0x384d (size before relaxing)
 .debug_str     0x0008fd8f       0x31 ./src/_initialize_hardware.o
                              0x8be96 (size before relaxing)
 .debug_str     0x0008fdc0       0x63 ./src/main.o
                              0x8c1f6 (size before relaxing)
 .debug_str     0x0008fe23       0x3d ./src/stm32f4xx_hal_msp.o
                              0x8bbd0 (size before relaxing)

.debug_loc      0x00000000     0x2af9
 *(.debug_loc)
 .debug_loc     0x00000000       0x92 ./system/src/stm32f4-hal/stm32f4xx_hal.o
 .debug_loc     0x00000092      0x73b ./system/src/stm32f4-hal/stm32f4xx_hal_cortex.o
 .debug_loc     0x000007cd      0x5af ./system/src/stm32f4-hal/stm32f4xx_hal_gpio.o
 .debug_loc     0x00000d7c      0x50a ./system/src/stm32f4-hal/stm32f4xx_hal_rcc.o
 .debug_loc     0x00001286     0x12b5 ./system/src/stm32f4-hal/stm32f4xx_hal_uart.o
 .debug_loc     0x0000253b      0x2cb ./system/src/newlib/_startup.o
 .debug_loc     0x00002806       0x63 ./system/src/newlib/_syscalls.o
 .debug_loc     0x00002869       0xc6 ./system/src/newlib/assert.o
 .debug_loc     0x0000292f      0x13e ./system/src/cmsis/system_stm32f4xx.o
 .debug_loc     0x00002a6d       0x8c ./src/main.o

.debug_macinfo
 *(.debug_macinfo)

.debug_weaknames
 *(.debug_weaknames)

.debug_funcnames
 *(.debug_funcnames)

.debug_typenames
 *(.debug_typenames)

.debug_varnames
 *(.debug_varnames)
OUTPUT(USART_PROJECT.elf elf32-littlearm)

.debug_ranges   0x00000000      0x5b8
 .debug_ranges  0x00000000       0xb0 ./system/src/stm32f4-hal/stm32f4xx_hal.o
 .debug_ranges  0x000000b0       0xe8 ./system/src/stm32f4-hal/stm32f4xx_hal_cortex.o
 .debug_ranges  0x00000198       0x48 ./system/src/stm32f4-hal/stm32f4xx_hal_gpio.o
 .debug_ranges  0x000001e0       0x78 ./system/src/stm32f4-hal/stm32f4xx_hal_rcc.o
 .debug_ranges  0x00000258      0x158 ./system/src/stm32f4-hal/stm32f4xx_hal_uart.o
 .debug_ranges  0x000003b0       0x18 ./system/src/newlib/_exit.o
 .debug_ranges  0x000003c8       0x90 ./system/src/newlib/_startup.o
 .debug_ranges  0x00000458       0x20 ./system/src/newlib/_syscalls.o
 .debug_ranges  0x00000478       0x18 ./system/src/newlib/assert.o
 .debug_ranges  0x00000490       0x18 ./system/src/cortexm/_initialize_hardware.o
 .debug_ranges  0x000004a8       0x70 ./system/src/cortexm/exception_handlers.o
 .debug_ranges  0x00000518       0x18 ./system/src/cmsis/system_stm32f4xx.o
 .debug_ranges  0x00000530       0x10 ./system/src/cmsis/vectors_stm32f412zx.o
 .debug_ranges  0x00000540       0x18 ./src/_initialize_hardware.o
 .debug_ranges  0x00000558       0x38 ./src/main.o
 .debug_ranges  0x00000590       0x28 ./src/stm32f4xx_hal_msp.o

.debug_macro    0x00000000    0x19e18
 .debug_macro   0x00000000      0x54b ./system/src/stm32f4-hal/stm32f4xx_hal.o
 .debug_macro   0x0000054b      0xa60 ./system/src/stm32f4-hal/stm32f4xx_hal.o
 .debug_macro   0x00000fab      0x289 ./system/src/stm32f4-hal/stm32f4xx_hal.o
 .debug_macro   0x00001234       0x31 ./system/src/stm32f4-hal/stm32f4xx_hal.o
 .debug_macro   0x00001265       0x28 ./system/src/stm32f4-hal/stm32f4xx_hal.o
 .debug_macro   0x0000128d      0x34e ./system/src/stm32f4-hal/stm32f4xx_hal.o
 .debug_macro   0x000015db       0x35 ./system/src/stm32f4-hal/stm32f4xx_hal.o
 .debug_macro   0x00001610       0x50 ./system/src/stm32f4-hal/stm32f4xx_hal.o
 .debug_macro   0x00001660      0xe66 ./system/src/stm32f4-hal/stm32f4xx_hal.o
 .debug_macro   0x000024c6     0x86b6 ./system/src/stm32f4-hal/stm32f4xx_hal.o
 .debug_macro   0x0000ab7c       0x43 ./system/src/stm32f4-hal/stm32f4xx_hal.o
 .debug_macro   0x0000abbf     0x347f ./system/src/stm32f4-hal/stm32f4xx_hal.o
 .debug_macro   0x0000e03e       0x22 ./system/src/stm32f4-hal/stm32f4xx_hal.o
 .debug_macro   0x0000e060       0x52 ./system/src/stm32f4-hal/stm32f4xx_hal.o
 .debug_macro   0x0000e0b2       0x17 ./system/src/stm32f4-hal/stm32f4xx_hal.o
 .debug_macro   0x0000e0c9       0x8d ./system/src/stm32f4-hal/stm32f4xx_hal.o
 .debug_macro   0x0000e156       0x35 ./system/src/stm32f4-hal/stm32f4xx_hal.o
 .debug_macro   0x0000e18b       0x9c ./system/src/stm32f4-hal/stm32f4xx_hal.o
 .debug_macro   0x0000e227       0x16 ./system/src/stm32f4-hal/stm32f4xx_hal.o
 .debug_macro   0x0000e23d       0x57 ./system/src/stm32f4-hal/stm32f4xx_hal.o
 .debug_macro   0x0000e294       0x97 ./system/src/stm32f4-hal/stm32f4xx_hal.o
 .debug_macro   0x0000e32b      0x330 ./system/src/stm32f4-hal/stm32f4xx_hal.o
 .debug_macro   0x0000e65b       0xfd ./system/src/stm32f4-hal/stm32f4xx_hal.o
 .debug_macro   0x0000e758       0x10 ./system/src/stm32f4-hal/stm32f4xx_hal.o
 .debug_macro   0x0000e768       0x58 ./system/src/stm32f4-hal/stm32f4xx_hal.o
 .debug_macro   0x0000e7c0       0x1f ./system/src/stm32f4-hal/stm32f4xx_hal.o
 .debug_macro   0x0000e7df       0x43 ./system/src/stm32f4-hal/stm32f4xx_hal.o
 .debug_macro   0x0000e822       0x20 ./system/src/stm32f4-hal/stm32f4xx_hal.o
 .debug_macro   0x0000e842      0x18e ./system/src/stm32f4-hal/stm32f4xx_hal.o
 .debug_macro   0x0000e9d0       0x10 ./system/src/stm32f4-hal/stm32f4xx_hal.o
 .debug_macro   0x0000e9e0       0x6a ./system/src/stm32f4-hal/stm32f4xx_hal.o
 .debug_macro   0x0000ea4a       0x1c ./system/src/stm32f4-hal/stm32f4xx_hal.o
 .debug_macro   0x0000ea66       0x52 ./system/src/stm32f4-hal/stm32f4xx_hal.o
 .debug_macro   0x0000eab8       0x40 ./system/src/stm32f4-hal/stm32f4xx_hal.o
 .debug_macro   0x0000eaf8       0x10 ./system/src/stm32f4-hal/stm32f4xx_hal.o
 .debug_macro   0x0000eb08       0x40 ./system/src/stm32f4-hal/stm32f4xx_hal.o
 .debug_macro   0x0000eb48       0xd7 ./system/src/stm32f4-hal/stm32f4xx_hal.o
 .debug_macro   0x0000ec1f       0x1c ./system/src/stm32f4-hal/stm32f4xx_hal.o
 .debug_macro   0x0000ec3b       0x3d ./system/src/stm32f4-hal/stm32f4xx_hal.o
 .debug_macro   0x0000ec78       0x16 ./system/src/stm32f4-hal/stm32f4xx_hal.o
 .debug_macro   0x0000ec8e      0x16f ./system/src/stm32f4-hal/stm32f4xx_hal.o
 .debug_macro   0x0000edfd       0x57 ./system/src/stm32f4-hal/stm32f4xx_hal.o
 .debug_macro   0x0000ee54      0x979 ./system/src/stm32f4-hal/stm32f4xx_hal.o
 .debug_macro   0x0000f7cd      0x9e1 ./system/src/stm32f4-hal/stm32f4xx_hal.o
 .debug_macro   0x000101ae      0x11e ./system/src/stm32f4-hal/stm32f4xx_hal.o
 .debug_macro   0x000102cc      0x18b ./system/src/stm32f4-hal/stm32f4xx_hal.o
 .debug_macro   0x00010457       0x27 ./system/src/stm32f4-hal/stm32f4xx_hal.o
 .debug_macro   0x0001047e      0x287 ./system/src/stm32f4-hal/stm32f4xx_hal.o
 .debug_macro   0x00010705       0x5f ./system/src/stm32f4-hal/stm32f4xx_hal.o
 .debug_macro   0x00010764      0x23a ./system/src/stm32f4-hal/stm32f4xx_hal.o
 .debug_macro   0x0001099e      0x391 ./system/src/stm32f4-hal/stm32f4xx_hal.o
 .debug_macro   0x00010d2f      0x16f ./system/src/stm32f4-hal/stm32f4xx_hal.o
 .debug_macro   0x00010e9e       0xf9 ./system/src/stm32f4-hal/stm32f4xx_hal.o
 .debug_macro   0x00010f97      0x36e ./system/src/stm32f4-hal/stm32f4xx_hal.o
 .debug_macro   0x00011305       0x23 ./system/src/stm32f4-hal/stm32f4xx_hal.o
 .debug_macro   0x00011328      0x13a ./system/src/stm32f4-hal/stm32f4xx_hal.o
 .debug_macro   0x00011462      0x29c ./system/src/stm32f4-hal/stm32f4xx_hal.o
 .debug_macro   0x000116fe       0x2e ./system/src/stm32f4-hal/stm32f4xx_hal.o
 .debug_macro   0x0001172c      0x383 ./system/src/stm32f4-hal/stm32f4xx_hal.o
 .debug_macro   0x00011aaf       0x88 ./system/src/stm32f4-hal/stm32f4xx_hal.o
 .debug_macro   0x00011b37      0x1a7 ./system/src/stm32f4-hal/stm32f4xx_hal.o
 .debug_macro   0x00011cde       0xa5 ./system/src/stm32f4-hal/stm32f4xx_hal.o
 .debug_macro   0x00011d83      0x18b ./system/src/stm32f4-hal/stm32f4xx_hal.o
 .debug_macro   0x00011f0e       0x30 ./system/src/stm32f4-hal/stm32f4xx_hal.o
 .debug_macro   0x00011f3e       0x35 ./system/src/stm32f4-hal/stm32f4xx_hal.o
 .debug_macro   0x00011f73       0x79 ./system/src/stm32f4-hal/stm32f4xx_hal.o
 .debug_macro   0x00011fec      0x11e ./system/src/stm32f4-hal/stm32f4xx_hal.o
 .debug_macro   0x0001210a       0x91 ./system/src/stm32f4-hal/stm32f4xx_hal.o
 .debug_macro   0x0001219b       0x89 ./system/src/stm32f4-hal/stm32f4xx_hal.o
 .debug_macro   0x00012224       0x7e ./system/src/stm32f4-hal/stm32f4xx_hal.o
 .debug_macro   0x000122a2      0x31a ./system/src/stm32f4-hal/stm32f4xx_hal.o
 .debug_macro   0x000125bc      0x409 ./system/src/stm32f4-hal/stm32f4xx_hal.o
 .debug_macro   0x000129c5       0xe4 ./system/src/stm32f4-hal/stm32f4xx_hal.o
 .debug_macro   0x00012aa9      0x48d ./system/src/stm32f4-hal/stm32f4xx_hal.o
 .debug_macro   0x00012f36      0x22b ./system/src/stm32f4-hal/stm32f4xx_hal.o
 .debug_macro   0x00013161      0x202 ./system/src/stm32f4-hal/stm32f4xx_hal.o
 .debug_macro   0x00013363      0x6d9 ./system/src/stm32f4-hal/stm32f4xx_hal.o
 .debug_macro   0x00013a3c       0x5b ./system/src/stm32f4-hal/stm32f4xx_hal.o
 .debug_macro   0x00013a97      0x14d ./system/src/stm32f4-hal/stm32f4xx_hal.o
 .debug_macro   0x00013be4      0x287 ./system/src/stm32f4-hal/stm32f4xx_hal.o
 .debug_macro   0x00013e6b      0x225 ./system/src/stm32f4-hal/stm32f4xx_hal.o
 .debug_macro   0x00014090      0x1b5 ./system/src/stm32f4-hal/stm32f4xx_hal.o
 .debug_macro   0x00014245      0x2db ./system/src/stm32f4-hal/stm32f4xx_hal.o
 .debug_macro   0x00014520       0x89 ./system/src/stm32f4-hal/stm32f4xx_hal.o
 .debug_macro   0x000145a9      0x1df ./system/src/stm32f4-hal/stm32f4xx_hal.o
 .debug_macro   0x00014788      0x115 ./system/src/stm32f4-hal/stm32f4xx_hal.o
 .debug_macro   0x0001489d       0x6e ./system/src/stm32f4-hal/stm32f4xx_hal.o
 .debug_macro   0x0001490b      0x2e2 ./system/src/stm32f4-hal/stm32f4xx_hal.o
 .debug_macro   0x00014bed      0x202 ./system/src/stm32f4-hal/stm32f4xx_hal.o
 .debug_macro   0x00014def       0x34 ./system/src/stm32f4-hal/stm32f4xx_hal.o
 .debug_macro   0x00014e23       0x90 ./system/src/stm32f4-hal/stm32f4xx_hal.o
 .debug_macro   0x00014eb3      0x26b ./system/src/stm32f4-hal/stm32f4xx_hal.o
 .debug_macro   0x0001511e      0x11e ./system/src/stm32f4-hal/stm32f4xx_hal.o
 .debug_macro   0x0001523c      0x4fd ./system/src/stm32f4-hal/stm32f4xx_hal_cortex.o
 .debug_macro   0x00015739      0x535 ./system/src/stm32f4-hal/stm32f4xx_hal_gpio.o
 .debug_macro   0x00015c6e      0x527 ./system/src/stm32f4-hal/stm32f4xx_hal_rcc.o
 .debug_macro   0x00016195      0x4fe ./system/src/stm32f4-hal/stm32f4xx_hal_uart.o
 .debug_macro   0x00016693      0x1b4 ./system/src/newlib/_exit.o
 .debug_macro   0x00016847      0x10e ./system/src/newlib/_exit.o
 .debug_macro   0x00016955       0x8d ./system/src/newlib/_exit.o
 .debug_macro   0x000169e2       0x35 ./system/src/newlib/_exit.o
 .debug_macro   0x00016a17      0x173 ./system/src/newlib/_startup.o
 .debug_macro   0x00016b8a      0xa66 ./system/src/newlib/_startup.o
 .debug_macro   0x000175f0      0x217 ./system/src/newlib/_syscalls.o
 .debug_macro   0x00017807       0x1c ./system/src/newlib/_syscalls.o
 .debug_macro   0x00017823       0x10 ./system/src/newlib/_syscalls.o
 .debug_macro   0x00017833       0x10 ./system/src/newlib/_syscalls.o
 .debug_macro   0x00017843       0x10 ./system/src/newlib/_syscalls.o
 .debug_macro   0x00017853       0x35 ./system/src/newlib/_syscalls.o
 .debug_macro   0x00017888      0x122 ./system/src/newlib/_syscalls.o
 .debug_macro   0x000179aa       0x88 ./system/src/newlib/_syscalls.o
 .debug_macro   0x00017a32       0x2b ./system/src/newlib/_syscalls.o
 .debug_macro   0x00017a5d      0x118 ./system/src/newlib/_syscalls.o
 .debug_macro   0x00017b75      0x189 ./system/src/newlib/_syscalls.o
 .debug_macro   0x00017cfe       0x16 ./system/src/newlib/_syscalls.o
 .debug_macro   0x00017d14      0x1d0 ./system/src/newlib/assert.o
 .debug_macro   0x00017ee4       0x1c ./system/src/newlib/assert.o
 .debug_macro   0x00017f00      0x507 ./system/src/cortexm/_initialize_hardware.o
 .debug_macro   0x00018407      0x570 ./system/src/cortexm/exception_handlers.o
 .debug_macro   0x00018977       0x3b ./system/src/cortexm/exception_handlers.o
 .debug_macro   0x000189b2       0x22 ./system/src/cortexm/exception_handlers.o
 .debug_macro   0x000189d4       0x16 ./system/src/cortexm/exception_handlers.o
 .debug_macro   0x000189ea      0x503 ./system/src/cmsis/system_stm32f4xx.o
 .debug_macro   0x00018eed       0x34 ./system/src/cmsis/vectors_stm32f412zx.o
 .debug_macro   0x00018f21      0x4fd ./src/_initialize_hardware.o
 .debug_macro   0x0001941e      0x4fd ./src/main.o
 .debug_macro   0x0001991b      0x4fd ./src/stm32f4xx_hal_msp.o
